Section 5.2 relative chiral-order witness
Rule: RelativeOrder = AmpDim - XPower - J

RELATIVE_ORDER 2 COUNT 4
ROW 1
  AmpDim: 3
  J: 1
  Kind: open
  XPower: 0
  AmpL: \left\langle 2J\right\rangle\left[8J\right]
  AmpR: \left\langle 3J\right\rangle\left[46\right]\left[4J\right]
  TotalAmp: \left\langle 23\right\rangle\left[46\right]\left[48\right]
  ReducedAmp: \left\langle 23\right\rangle\left[14\right]\left[34\right]
ROW 2
  AmpDim: 3
  J: 1
  Kind: open
  XPower: 0
  AmpL: \left\langle 1J\right\rangle\left[7J\right]
  AmpR: \left\langle 3J\right\rangle\left[46\right]\left[4J\right]
  TotalAmp: \left\langle 13\right\rangle\left[46\right]\left[47\right]
  ReducedAmp: \left\langle 13\right\rangle\left[24\right]\left[34\right]
ROW 3
  AmpDim: 4
  J: 2
  Kind: open
  XPower: 0
  AmpL: \left\langle 2J\right\rangle\left[2J\right]\left[7J\right]\left[8J\right]
  AmpR: \left\langle 3J\right\rangle\left[4J\right]\left[4J\right]\left[6J\right]
  TotalAmp: \left\langle 23\right\rangle\left[26\right]\left[47\right]\left[48\right]
  ReducedAmp: -1\left\langle 24\right\rangle\left[14\right]\left[24\right]\left[24\right]-1\left\langle 34\right\rangle\left[14\right]\left[24\right]\left[34\right]
ROW 4
  AmpDim: 4
  J: 2
  Kind: open
  XPower: 0
  AmpL: \left\langle 2J\right\rangle\left[2J\right]\left[7J\right]\left[8J\right]
  AmpR: \left\langle 3J\right\rangle\left[4J\right]\left[4J\right]\left[6J\right]
  TotalAmp: \left\langle 23\right\rangle\left[24\right]\left[47\right]\left[68\right]
  ReducedAmp: -1\left\langle 24\right\rangle\left[14\right]\left[24\right]\left[24\right]

RELATIVE_ORDER 3 COUNT 6
ROW 1
  AmpDim: 4
  J: 1
  Kind: open
  XPower: 0
  AmpL: \left\langle 1J\right\rangle\left\langle 2J\right\rangle
  AmpR: \left\langle 3J\right\rangle\left\langle 3J\right\rangle\left[34\right]\left[46\right]
  TotalAmp: \left\langle 13\right\rangle\left\langle 23\right\rangle\left[34\right]\left[46\right]
  ReducedAmp: -1\left\langle 13\right\rangle\left\langle 23\right\rangle\left[34\right]\left[34\right]
ROW 2
  AmpDim: 5
  J: 2
  Kind: open
  XPower: 0
  AmpL: \left\langle 2J\right\rangle\left\langle 2J\right\rangle\left[2J\right]\left[8J\right]
  AmpR: \left\langle 3J\right\rangle\left\langle 4J\right\rangle\left[46\right]\left[4J\right]\left[4J\right]
  TotalAmp: \left\langle 23\right\rangle\left\langle 24\right\rangle\left[24\right]\left[46\right]\left[48\right]
  ReducedAmp: \left\langle 23\right\rangle\left\langle 24\right\rangle\left[14\right]\left[24\right]\left[34\right]
ROW 3
  AmpDim: 5
  J: 2
  Kind: open
  XPower: 0
  AmpL: \left\langle 1J\right\rangle\left\langle 2J\right\rangle\left[2J\right]\left[7J\right]
  AmpR: \left\langle 3J\right\rangle\left\langle 4J\right\rangle\left[46\right]\left[4J\right]\left[4J\right]
  TotalAmp: \left\langle 13\right\rangle\left\langle 24\right\rangle\left[24\right]\left[46\right]\left[47\right]
  ReducedAmp: \left\langle 13\right\rangle\left\langle 24\right\rangle\left[24\right]\left[24\right]\left[34\right]
ROW 4
  AmpDim: 5
  J: 2
  Kind: open
  XPower: 0
  AmpL: \left\langle 1J\right\rangle\left\langle 2J\right\rangle\left[2J\right]\left[7J\right]
  AmpR: \left\langle 3J\right\rangle\left\langle 4J\right\rangle\left[46\right]\left[4J\right]\left[4J\right]
  TotalAmp: \left\langle 14\right\rangle\left\langle 23\right\rangle\left[24\right]\left[46\right]\left[47\right]
  ReducedAmp: \left\langle 13\right\rangle\left\langle 24\right\rangle\left[24\right]\left[24\right]\left[34\right]+\left\langle 13\right\rangle\left\langle 34\right\rangle\left[24\right]\left[34\right]\left[34\right]
ROW 5
  AmpDim: 6
  J: 3
  Kind: open
  XPower: 0
  AmpL: \left\langle 2J\right\rangle\left\langle 2J\right\rangle\left[2J\right]\left[2J\right]\left[7J\right]\left[8J\right]
  AmpR: \left\langle 3J\right\rangle\left\langle 4J\right\rangle\left[4J\right]\left[4J\right]\left[4J\right]\left[6J\right]
  TotalAmp: \left\langle 23\right\rangle\left\langle 24\right\rangle\left[24\right]\left[26\right]\left[47\right]\left[48\right]
  ReducedAmp: -1\left\langle 24\right\rangle\left\langle 24\right\rangle\left[14\right]\left[24\right]\left[24\right]\left[24\right]-1\left\langle 24\right\rangle\left\langle 34\right\rangle\left[14\right]\left[24\right]\left[24\right]\left[34\right]
ROW 6
  AmpDim: 6
  J: 3
  Kind: open
  XPower: 0
  AmpL: \left\langle 2J\right\rangle\left\langle 2J\right\rangle\left[2J\right]\left[2J\right]\left[7J\right]\left[8J\right]
  AmpR: \left\langle 3J\right\rangle\left\langle 4J\right\rangle\left[4J\right]\left[4J\right]\left[4J\right]\left[6J\right]
  TotalAmp: \left\langle 23\right\rangle\left\langle 24\right\rangle\left[24\right]\left[24\right]\left[47\right]\left[68\right]
  ReducedAmp: -1\left\langle 24\right\rangle\left\langle 24\right\rangle\left[14\right]\left[24\right]\left[24\right]\left[24\right]

RELATIVE_ORDER 4 COUNT 3
ROW 1
  AmpDim: 5
  J: 1
  Kind: open
  XPower: 0
  AmpL: \left\langle 2J\right\rangle\left[8J\right]
  AmpR: \left\langle 34\right\rangle\left\langle 3J\right\rangle\left[34\right]\left[46\right]\left[4J\right]
  TotalAmp: \left\langle 23\right\rangle\left\langle 34\right\rangle\left[34\right]\left[46\right]\left[48\right]
  ReducedAmp: \left\langle 23\right\rangle\left\langle 34\right\rangle\left[14\right]\left[34\right]\left[34\right]
ROW 2
  AmpDim: 6
  J: 2
  Kind: open
  XPower: 0
  AmpL: \left\langle 1J\right\rangle\left\langle 2J\right\rangle\left\langle 2J\right\rangle\left[2J\right]
  AmpR: \left\langle 3J\right\rangle\left\langle 3J\right\rangle\left\langle 4J\right\rangle\left[34\right]\left[46\right]\left[4J\right]
  TotalAmp: \left\langle 13\right\rangle\left\langle 23\right\rangle\left\langle 24\right\rangle\left[24\right]\left[34\right]\left[46\right]
  ReducedAmp: -1\left\langle 13\right\rangle\left\langle 23\right\rangle\left\langle 24\right\rangle\left[24\right]\left[34\right]\left[34\right]
ROW 3
  AmpDim: 6
  J: 2
  Kind: open
  XPower: 0
  AmpL: \left\langle 1J\right\rangle\left\langle 2J\right\rangle\left\langle 2J\right\rangle\left[2J\right]
  AmpR: \left\langle 3J\right\rangle\left\langle 3J\right\rangle\left\langle 4J\right\rangle\left[34\right]\left[46\right]\left[4J\right]
  TotalAmp: \left\langle 14\right\rangle\left\langle 23\right\rangle\left\langle 23\right\rangle\left[24\right]\left[34\right]\left[46\right]
  ReducedAmp: -1\left\langle 13\right\rangle\left\langle 23\right\rangle\left\langle 24\right\rangle\left[24\right]\left[34\right]\left[34\right]-1\left\langle 13\right\rangle\left\langle 23\right\rangle\left\langle 34\right\rangle\left[34\right]\left[34\right]\left[34\right]