CASE ampDim=3
SUMMARY <|"CodeDim" -> 7, "CFRecords" -> 2, "SewingRecords" -> 2, "CFRank" -> 2, "SewingRank" -> 2, "JoinedRank" -> 2, "CompleteQ" -> True, "CFIndependentRows" -> {1, 2}, "SewingIndependentRows" -> {1, 2}, "QValues" -> {2}, "IndependentSelector" -> "SewingIndependentBlockFromRecords"|>
MONOMIALS
e1 = \left\langle 23\right\rangle\left[14\right]\left[34\right]
e2 = \left\langle 13\right\rangle\left[24\right]\left[34\right]
CF_MATRIX (1,0); (0,1)
INDEPENDENT_SEWING_ROWS
S1 ; RawIndex: 1 ; J: 1 ; Q: 2 ; AmpL: \left\langle 2J\right\rangle\left[8J\right] ; AmpR: \left\langle 3J\right\rangle\left[46\right]\left[4J\right] ; AmpSew: -1\left\langle 23\right\rangle\left[46\right]\left[48\right] ; Reduced: -1\left\langle 23\right\rangle\left[14\right]\left[34\right] ; Coord: {-1, 0}
S2 ; RawIndex: 2 ; J: 1 ; Q: 2 ; AmpL: \left\langle 1J\right\rangle\left[7J\right] ; AmpR: \left\langle 3J\right\rangle\left[46\right]\left[4J\right] ; AmpSew: -1\left\langle 13\right\rangle\left[46\right]\left[47\right] ; Reduced: -1\left\langle 13\right\rangle\left[24\right]\left[34\right] ; Coord: {0, -1}
SEWING_MATRIX (-1,0); (0,-1)
ENDCASE
CASE ampDim=4
SUMMARY <|"CodeDim" -> 8, "CFRecords" -> 3, "SewingRecords" -> 6, "CFRank" -> 3, "SewingRank" -> 3, "JoinedRank" -> 3, "CompleteQ" -> True, "CFIndependentRows" -> {1, 2, 3}, "SewingIndependentRows" -> {1, 2, 3}, "QValues" -> {2}, "IndependentSelector" -> "SewingIndependentBlockFromRecords"|>
MONOMIALS
e1 = \left\langle 34\right\rangle\left[14\right]\left[24\right]\left[34\right]
e2 = \left\langle 24\right\rangle\left[14\right]\left[24\right]\left[24\right]
e3 = \left\langle 13\right\rangle\left\langle 23\right\rangle\left[34\right]\left[34\right]
CF_MATRIX (-1,0,0); (0,-1,0); (0,0,-1)
INDEPENDENT_SEWING_ROWS
S1 ; RawIndex: 1 ; J: 0 ; Q: 2 ; AmpL: -1\left\langle 12\right\rangle-1\left[78\right] ; AmpR: \left\langle 23\right\rangle\left[24\right]\left[46\right] ; AmpSew: -1\left\langle 12\right\rangle\left\langle 23\right\rangle\left[24\right]\left[46\right]-1\left\langle 23\right\rangle\left[24\right]\left[46\right]\left[78\right] ; Reduced: -1\left\langle 34\right\rangle\left[14\right]\left[24\right]\left[34\right]-1\left\langle 13\right\rangle\left\langle 23\right\rangle\left[34\right]\left[34\right] ; Coord: {-1, 0, -1}
S2 ; RawIndex: 2 ; J: 0 ; Q: 2 ; AmpL: \left\langle 12\right\rangle-1\left[78\right] ; AmpR: \left\langle 23\right\rangle\left[24\right]\left[46\right] ; AmpSew: \left\langle 12\right\rangle\left\langle 23\right\rangle\left[24\right]\left[46\right]-1\left\langle 23\right\rangle\left[24\right]\left[46\right]\left[78\right] ; Reduced: -1\left\langle 34\right\rangle\left[14\right]\left[24\right]\left[34\right]+\left\langle 13\right\rangle\left\langle 23\right\rangle\left[34\right]\left[34\right] ; Coord: {-1, 0, 1}
S3 ; RawIndex: 3 ; J: 1 ; Q: 2 ; AmpL: \left[7J\right]\left[8J\right] ; AmpR: \left\langle 23\right\rangle\left[24\right]\left[4J\right]\left[6J\right] ; AmpSew: \left\langle 23\right\rangle\left[24\right]\left[48\right]\left[67\right]+\left\langle 23\right\rangle\left[24\right]\left[47\right]\left[68\right] ; Reduced: -2\left\langle 24\right\rangle\left[14\right]\left[24\right]\left[24\right]-1\left\langle 34\right\rangle\left[14\right]\left[24\right]\left[34\right] ; Coord: {-1, -2, 0}
SEWING_MATRIX (-1,0,-1); (-1,0,1); (-1,-2,0)
ENDCASE
CASE ampDim=5
SUMMARY <|"CodeDim" -> 9, "CFRecords" -> 4, "SewingRecords" -> 6, "CFRank" -> 4, "SewingRank" -> 4, "JoinedRank" -> 4, "CompleteQ" -> True, "CFIndependentRows" -> {1, 2, 3, 4}, "SewingIndependentRows" -> {1, 3, 4, 5}, "QValues" -> {2}, "IndependentSelector" -> "SewingIndependentBlockFromRecords"|>
MONOMIALS
e1 = \left\langle 23\right\rangle\left\langle 34\right\rangle\left[14\right]\left[34\right]\left[34\right]
e2 = \left\langle 23\right\rangle\left\langle 24\right\rangle\left[14\right]\left[24\right]\left[34\right]
e3 = \left\langle 13\right\rangle\left\langle 24\right\rangle\left[24\right]\left[24\right]\left[34\right]
e4 = \left\langle 13\right\rangle\left\langle 34\right\rangle\left[24\right]\left[34\right]\left[34\right]
CF_MATRIX (1,0,0,0); (0,1,0,0); (0,0,1,0); (0,0,1,1)
INDEPENDENT_SEWING_ROWS
S1 ; RawIndex: 1 ; J: 1 ; Q: 2 ; AmpL: \left\langle 2J\right\rangle\left[8J\right] ; AmpR: \left\langle 23\right\rangle\left\langle 4J\right\rangle\left[24\right]\left[46\right]\left[4J\right] ; AmpSew: -1\left\langle 23\right\rangle\left\langle 24\right\rangle\left[24\right]\left[46\right]\left[48\right] ; Reduced: -1\left\langle 23\right\rangle\left\langle 24\right\rangle\left[14\right]\left[24\right]\left[34\right] ; Coord: {0, -1, 0, 0}
S2 ; RawIndex: 3 ; J: 1 ; Q: 2 ; AmpL: \left\langle 2J\right\rangle\left[8J\right] ; AmpR: \left\langle 34\right\rangle\left\langle 3J\right\rangle\left[34\right]\left[46\right]\left[4J\right] ; AmpSew: -1\left\langle 23\right\rangle\left\langle 34\right\rangle\left[34\right]\left[46\right]\left[48\right] ; Reduced: -1\left\langle 23\right\rangle\left\langle 34\right\rangle\left[14\right]\left[34\right]\left[34\right] ; Coord: {-1, 0, 0, 0}
S3 ; RawIndex: 4 ; J: 1 ; Q: 2 ; AmpL: \left\langle 1J\right\rangle\left[7J\right] ; AmpR: \left\langle 23\right\rangle\left\langle 4J\right\rangle\left[24\right]\left[46\right]\left[4J\right] ; AmpSew: -1\left\langle 14\right\rangle\left\langle 23\right\rangle\left[24\right]\left[46\right]\left[47\right] ; Reduced: -1\left\langle 13\right\rangle\left\langle 24\right\rangle\left[24\right]\left[24\right]\left[34\right]-1\left\langle 13\right\rangle\left\langle 34\right\rangle\left[24\right]\left[34\right]\left[34\right] ; Coord: {0, 0, -1, -1}
S4 ; RawIndex: 5 ; J: 1 ; Q: 2 ; AmpL: \left\langle 1J\right\rangle\left[7J\right] ; AmpR: \left\langle 24\right\rangle\left\langle 3J\right\rangle\left[24\right]\left[46\right]\left[4J\right] ; AmpSew: -1\left\langle 13\right\rangle\left\langle 24\right\rangle\left[24\right]\left[46\right]\left[47\right] ; Reduced: -1\left\langle 13\right\rangle\left\langle 24\right\rangle\left[24\right]\left[24\right]\left[34\right] ; Coord: {0, 0, -1, 0}
SEWING_MATRIX (0,-1,0,0); (-1,0,0,0); (0,0,-1,-1); (0,0,-1,0)
ENDCASE